0 verbose cli /usr/bin/node /usr/bin/npm
1 info using npm@10.8.2
2 info using node@v20.20.2
3 silly config load:file:/usr/lib/node_modules/npm/npmrc
4 silly config load:file:/home/user/.npmrc
5 silly config load:file:/usr/etc/npmrc
6 verbose title npm install
7 verbose argv "install"
8 verbose logfile logs-max:10 dir:/home/user/.npm/_logs/2026-07-24T14_09_28_581Z-
9 verbose logfile /home/user/.npm/_logs/2026-07-24T14_09_28_581Z-debug-0.log
10 silly packumentCache heap:998768640 maxSize:249692160 maxEntrySize:124846080
11 silly logfile done cleaning log files
12 silly idealTree buildDeps
13 silly fetch manifest @capacitor/cli@^5.7.0
14 silly packumentCache full:https://registry.npmjs.org/@capacitor%2fcli cache-miss
15 http fetch GET 200 https://registry.npmjs.org/@capacitor%2fcli 22ms (cache hit)
16 silly packumentCache full:https://registry.npmjs.org/@capacitor%2fcli set size:5010094 disposed:false
17 silly fetch manifest @capacitor/core@^5.7.0
18 silly packumentCache full:https://registry.npmjs.org/@capacitor%2fcore cache-miss
19 http fetch GET 200 https://registry.npmjs.org/@capacitor%2fcore 18ms (cache hit)
20 silly packumentCache full:https://registry.npmjs.org/@capacitor%2fcore set size:4650340 disposed:false
21 silly fetch manifest @capacitor/ios@^5.7.0
22 silly packumentCache full:https://registry.npmjs.org/@capacitor%2fios cache-miss
23 http fetch GET 200 https://registry.npmjs.org/@capacitor%2fios 14ms (cache hit)
24 silly packumentCache full:https://registry.npmjs.org/@capacitor%2fios set size:3520307 disposed:false
25 silly fetch manifest @capacitor/push-notifications@^5.1.0
26 silly packumentCache full:https://registry.npmjs.org/@capacitor%2fpush-notifications cache-miss
27 http fetch GET 200 https://registry.npmjs.org/@capacitor%2fpush-notifications 17ms (cache hit)
28 silly packumentCache full:https://registry.npmjs.org/@capacitor%2fpush-notifications set size:5044373 disposed:false
29 silly fetch manifest @revenuecat/purchases-capacitor@^13.2.4
30 silly packumentCache full:https://registry.npmjs.org/@revenuecat%2fpurchases-capacitor cache-miss
31 http fetch GET 200 https://registry.npmjs.org/@revenuecat%2fpurchases-capacitor 20ms (cache hit)
32 silly packumentCache full:https://registry.npmjs.org/@revenuecat%2fpurchases-capacitor set size:530996 disposed:false
33 silly fetch manifest @capacitor/core@>=8.0.0
34 silly packumentCache full:https://registry.npmjs.org/@capacitor%2fcore cache-miss
35 http fetch GET 200 https://registry.npmjs.org/@capacitor%2fcore 11ms (cache hit)
36 silly packumentCache full:https://registry.npmjs.org/@capacitor%2fcore set size:4650340 disposed:false
37 verbose stack Error: unable to resolve dependency tree
37 verbose stack     at #failPeerConflict (/usr/lib/node_modules/npm/node_modules/@npmcli/arborist/lib/arborist/build-ideal-tree.js:1360:25)
37 verbose stack     at #loadPeerSet (/usr/lib/node_modules/npm/node_modules/@npmcli/arborist/lib/arborist/build-ideal-tree.js:1326:33)
37 verbose stack     at async #buildDepStep (/usr/lib/node_modules/npm/node_modules/@npmcli/arborist/lib/arborist/build-ideal-tree.js:901:11)
37 verbose stack     at async Arborist.buildIdealTree (/usr/lib/node_modules/npm/node_modules/@npmcli/arborist/lib/arborist/build-ideal-tree.js:181:7)
37 verbose stack     at async Promise.all (index 1)
37 verbose stack     at async Arborist.reify (/usr/lib/node_modules/npm/node_modules/@npmcli/arborist/lib/arborist/reify.js:131:5)
37 verbose stack     at async Install.exec (/usr/lib/node_modules/npm/lib/commands/install.js:150:5)
37 verbose stack     at async Npm.exec (/usr/lib/node_modules/npm/lib/npm.js:207:9)
37 verbose stack     at async module.exports (/usr/lib/node_modules/npm/lib/cli/entry.js:74:5)
38 error code ERESOLVE
39 error ERESOLVE unable to resolve dependency tree
40 error
41 error While resolving: inside-english-v2@2.0.0
41 error Found: @capacitor/core@5.7.8
41 error node_modules/@capacitor/core
41 error   @capacitor/core@"^5.7.0" from the root project
41 error
41 error Could not resolve dependency:
41 error peer @capacitor/core@">=8.0.0" from @revenuecat/purchases-capacitor@13.2.4
41 error node_modules/@revenuecat/purchases-capacitor
41 error   @revenuecat/purchases-capacitor@"^13.2.4" from the root project
41 error
41 error Fix the upstream dependency conflict, or retry
41 error this command with --force or --legacy-peer-deps
41 error to accept an incorrect (and potentially broken) dependency resolution.
42 error
42 error
42 error For a full report see:
42 error /home/user/.npm/_logs/2026-07-24T14_09_28_581Z-eresolve-report.txt
43 silly unfinished npm timer reify 1784902168779
44 silly unfinished npm timer reify:loadTrees 1784902168781
45 silly unfinished npm timer idealTree:buildDeps 1784902168792
46 silly unfinished npm timer idealTree:#root 1784902168792
47 verbose cwd /home/user
48 verbose os Linux 6.1.158+
49 verbose node v20.20.2
50 verbose npm  v10.8.2
51 verbose exit 1
52 verbose code 1
53 error A complete log of this run can be found in: /home/user/.npm/_logs/2026-07-24T14_09_28_581Z-debug-0.log
